// Vitest Snapshot v1, https://vitest.dev/guide/snapshot.html

exports[`index 1`] = `
<div>
  <div
    class="container pt-6 is-flex is-flex-direction-column h-100"
  >
    <div
      class="modal"
      style="justify-content: initial;"
    >
      <div
        class="modal-background"
      />
      <div
        class="modal-content"
        style="position: absolute; margin-top: 10%;"
      >
        <div
          class="box"
          style="min-height: 400px;"
        >
          <div
            class="control"
          >
            <input
              class="input"
              placeholder="Search..."
              type="text"
              value=""
            />
          </div>
          <div
            class="mt-4"
          >
            <div
              class="box"
            >
              <a
                href="/jsonnet"
              >
                Jsonnet
              </a>
            </div>
            <div
              class="box"
            >
              <a
                href="/jwt-decode"
              >
                JWT decode
              </a>
            </div>
            <div
              class="box"
            >
              <a
                href="/sql-fmt"
              >
                SQL fmt
              </a>
            </div>
            <div
              class="box"
            >
              <a
                href="/yaml-json"
              >
                YAML - JSON
              </a>
            </div>
            <div
              class="box"
            >
              <a
                href="/yaml-fmt"
              >
                YAML fmt
              </a>
            </div>
          </div>
        </div>
      </div>
      <button
        class="modal-close is-large"
      />
    </div>
    <div
      class="py-4"
    >
      <footer
        class="_footer_1d5za_1"
      >
        <div
          class="_content_1d5za_7"
        >
          <p>
            My IP: 
            Loading...
          </p>
          <p>
            All data and HTTP requests to fetch JSON are processed locally in your browser.
          </p>
          <p>
            Copyright Â© 
            2025
             -
             
            <a
              aria-label="Visit nkthanh.dev (opens in new tab)"
              class="_link_1d5za_24"
              href="https://nkthanh.dev"
              rel="noopener noreferrer"
              target="_blank"
            >
              nkthanh.dev
            </a>
          </p>
        </div>
      </footer>
    </div>
  </div>
</div>
`;
